Nothing to build in platform 'test9'

00:05:08 **** Build of configuration Debug for project test_uart_ibus ****
make all 
make --no-print-directory pre-build
a9-linaro-pre-build-step
' '
make --no-print-directory main-build
'Building file: ../src/main.c'
'Invoking: ARM v7 gcc compiler'
arm-none-eabi-gcc -Wall -O0 -g3 -c -fmessage-length=0 -MT"src/main.o" -mcpu=cortex-a9 -mfpu=vfpv3 -mfloat-abi=hard -IC:/Users/PC-CLICK-PLUS/OneDrive/Documents/ME/ELN/seminaire/Vitis_ws/ws9/test9/export/test9/sw/test9/standalone_domain/bspinclude/include -MMD -MP -MF"src/main.d" -MT"src/main.o" -o "src/main.o" "../src/main.c"
'Finished building: ../src/main.c'
' '
'Building file: ../src/uart.c'
'Invoking: ARM v7 gcc compiler'
arm-none-eabi-gcc -Wall -O0 -g3 -c -fmessage-length=0 -MT"src/uart.o" -mcpu=cortex-a9 -mfpu=vfpv3 -mfloat-abi=hard -IC:/Users/PC-CLICK-PLUS/OneDrive/Documents/ME/ELN/seminaire/Vitis_ws/ws9/test9/export/test9/sw/test9/standalone_domain/bspinclude/include -MMD -MP -MF"src/uart.d" -MT"src/uart.o" -o "src/uart.o" "../src/uart.c"
../src/uart.c: In function 'DecodeReceivedData':
../src/uart.c:35:29: warning: implicit declaration of function 'atoi' [-Wimplicit-function-declaration]
         IBusChannels[i++] = atoi(token);
                             ^~~~
'Finished building: ../src/uart.c'
' '
'Building target: test_uart_ibus.elf'
'Invoking: ARM v7 gcc linker'
arm-none-eabi-gcc -mcpu=cortex-a9 -mfpu=vfpv3 -mfloat-abi=hard -Wl,-build-id=none -specs=Xilinx.spec -Wl,-T -Wl,../src/lscript.ld -LC:/Users/PC-CLICK-PLUS/OneDrive/Documents/ME/ELN/seminaire/Vitis_ws/ws9/test9/export/test9/sw/test9/standalone_domain/bsplib/lib -o "test_uart_ibus.elf"  ./src/main.o ./src/uart.o   -Wl,--start-group,-lxil,-lgcc,-lc,--end-group
'Finished building target: test_uart_ibus.elf'
' '
'Invoking: ARM v7 Print Size'
arm-none-eabi-size test_uart_ibus.elf  |tee "test_uart_ibus.elf.size"
   text	   data	    bss	    dec	    hex	filename
  32640	   1560	  23384	  57584	   e0f0	test_uart_ibus.elf
'Finished building: test_uart_ibus.elf.size'
' '
00:05:12 **** Build of configuration Debug for project test_uart_ibus_system ****
make all 
Generating bif file for the system project
generate_system_bif.bat 55315 C:/Users/PC-CLICK-PLUS/OneDrive/Documents/ME/ELN/seminaire/Vitis_ws/ws9/test9/export/test9/test9.xpfm standalone_domain C:/Users/PC-CLICK-PLUS/OneDrive/Documents/ME/ELN/seminaire/Vitis_ws/ws9/test_uart_ibus_system/Debug/system.bif
sdcard_gen --xpfm C:/Users/PC-CLICK-PLUS/OneDrive/Documents/ME/ELN/seminaire/Vitis_ws/ws9/test9/export/test9/test9.xpfm --sys_config test9 --bif C:/Users/PC-CLICK-PLUS/OneDrive/Documents/ME/ELN/seminaire/Vitis_ws/ws9/test_uart_ibus_system/Debug/system.bif --bitstream C:/Users/PC-CLICK-PLUS/OneDrive/Documents/ME/ELN/seminaire/Vitis_ws/ws9/test_uart_ibus/_ide/bitstream/design_1_wrapper.bit --elf C:/Users/PC-CLICK-PLUS/OneDrive/Documents/ME/ELN/seminaire/Vitis_ws/ws9/test_uart_ibus/Debug/test_uart_ibus.elf,ps7_cortexa9_0
creating BOOT.BIN using C:/Users/PC-CLICK-PLUS/OneDrive/Documents/ME/ELN/seminaire/Vitis_ws/ws9/test_uart_ibus/_ide/bitstream/design_1_wrapper.bit
Running C:/Xilinx/Vitis/2019.2/bin/bootgen  -image C:/Users/PC-CLICK-PLUS/OneDrive/Documents/ME/ELN/seminaire/Vitis_ws/ws9/test_uart_ibus_system/Debug/sd_card_temp/boot.bif -w -o i BOOT.BIN
