00:01:32 **** Build of configuration Debug for project zyboFC ****
make all 
make --no-print-directory pre-build
a9-linaro-pre-build-step
' '
make --no-print-directory main-build
'Building file: ../src/main.c'
'Invoking: ARM v7 gcc compiler'
arm-none-eabi-gcc -Wall -O0 -g3 -c -fmessage-length=0 -MT"src/main.o" -mcpu=cortex-a9 -mfpu=vfpv3 -mfloat-abi=hard -IC:/Users/PC-CLICK-PLUS/OneDrive/Documents/ME/ELN/seminaire/Vitis_ws/ws9/test9/export/test9/sw/test9/standalone_domain/bspinclude/include -MMD -MP -MF"src/main.d" -MT"src/main.o" -o "src/main.o" "../src/main.c"
../src/main.c: In function 'gyro_signalen':
../src/main.c:155:6: warning: implicit declaration of function 'abs' [-Wimplicit-function-declaration]
  if (abs(acc_y) < acc_total_vector) {
      ^~~
'Finished building: ../src/main.c'
' '
'Building file: ../src/mpu6050.c'
'Invoking: ARM v7 gcc compiler'
arm-none-eabi-gcc -Wall -O0 -g3 -c -fmessage-length=0 -MT"src/mpu6050.o" -mcpu=cortex-a9 -mfpu=vfpv3 -mfloat-abi=hard -IC:/Users/PC-CLICK-PLUS/OneDrive/Documents/ME/ELN/seminaire/Vitis_ws/ws9/test9/export/test9/sw/test9/standalone_domain/bspinclude/include -MMD -MP -MF"src/mpu6050.d" -MT"src/mpu6050.o" -o "src/mpu6050.o" "../src/mpu6050.c"
In file included from ../src/mpu6050.c:2:
C:/Users/PC-CLICK-PLUS/OneDrive/Documents/ME/ELN/seminaire/Vitis_ws/ws9/test9/export/test9/sw/test9/standalone_domain/bspinclude/include/xtime_l.h:85:9: note: #pragma message: For the sleep routines, Global timer is being used
 #pragma message ("For the sleep routines, Global timer is being used")
         ^~~~~~~
../src/mpu6050.c: In function 'MPU6050_Read':
../src/mpu6050.c:180:9: warning: unused variable 'Status' [-Wunused-variable]
     int Status;
         ^~~~~~
'Finished building: ../src/mpu6050.c'
' '
'Building file: ../src/pwm.c'
'Invoking: ARM v7 gcc compiler'
arm-none-eabi-gcc -Wall -O0 -g3 -c -fmessage-length=0 -MT"src/pwm.o" -mcpu=cortex-a9 -mfpu=vfpv3 -mfloat-abi=hard -IC:/Users/PC-CLICK-PLUS/OneDrive/Documents/ME/ELN/seminaire/Vitis_ws/ws9/test9/export/test9/sw/test9/standalone_domain/bspinclude/include -MMD -MP -MF"src/pwm.d" -MT"src/pwm.o" -o "src/pwm.o" "../src/pwm.c"
'Finished building: ../src/pwm.c'
' '
'Building target: zyboFC.elf'
'Invoking: ARM v7 gcc linker'
arm-none-eabi-gcc -mcpu=cortex-a9 -mfpu=vfpv3 -mfloat-abi=hard -Wl,-build-id=none -specs=Xilinx.spec -Wl,-T -Wl,../src/lscript.ld -LC:/Users/PC-CLICK-PLUS/OneDrive/Documents/ME/ELN/seminaire/Vitis_ws/ws9/test9/export/test9/sw/test9/standalone_domain/bsplib/lib -o "zyboFC.elf"  ./src/main.o ./src/mpu6050.o ./src/pwm.o   -lm -Wl,--start-group,-lxil,-lgcc,-lc,--end-group
'Finished building target: zyboFC.elf'
' '
'Invoking: ARM v7 Print Size'
arm-none-eabi-size zyboFC.elf  |tee "zyboFC.elf.size"
   text	   data	    bss	    dec	    hex	filename
  51388	   1824	  23752	  76964	  12ca4	zyboFC.elf
'Finished building: zyboFC.elf.size'
' '

00:01:36 Build Finished (took 3s.817ms)

